HTTP/1.1 200 OK
Content-Encoding: br
Content-Type: text/plain
